| accessors.swift:2:9:2:9 | _modify | hasSelfParam: | yes | getNumberOfParams: | 0 | hasBody: | yes | getNumberOfGenericTypeParams: | 0 | getModule: | file://:0:0:0:0 | accessors | getInterfaceType: | (inout Foo) -> () -> () | getName: | (unnamed function decl) | isGetter: | no | isSetter: | no | isWillSet: | no | isDidSet: | no | isRead: | no | isModify: | yes | isUnsafeAddress: | no | isUnsafeMutableAddress: | no |
| accessors.swift:2:9:2:9 | get | hasSelfParam: | yes | getNumberOfParams: | 0 | hasBody: | yes | getNumberOfGenericTypeParams: | 0 | getModule: | file://:0:0:0:0 | accessors | getInterfaceType: | (Foo) -> () -> Int | getName: | (unnamed function decl) | isGetter: | yes | isSetter: | no | isWillSet: | no | isDidSet: | no | isRead: | no | isModify: | no | isUnsafeAddress: | no | isUnsafeMutableAddress: | no |
| accessors.swift:2:9:2:9 | set | hasSelfParam: | yes | getNumberOfParams: | 1 | hasBody: | yes | getNumberOfGenericTypeParams: | 0 | getModule: | file://:0:0:0:0 | accessors | getInterfaceType: | (inout Foo) -> (Int) -> () | getName: | (unnamed function decl) | isGetter: | no | isSetter: | yes | isWillSet: | no | isDidSet: | no | isRead: | no | isModify: | no | isUnsafeAddress: | no | isUnsafeMutableAddress: | no |
| accessors.swift:3:9:3:9 | _modify | hasSelfParam: | yes | getNumberOfParams: | 0 | hasBody: | yes | getNumberOfGenericTypeParams: | 0 | getModule: | file://:0:0:0:0 | accessors | getInterfaceType: | (inout Foo) -> () -> () | getName: | (unnamed function decl) | isGetter: | no | isSetter: | no | isWillSet: | no | isDidSet: | no | isRead: | no | isModify: | yes | isUnsafeAddress: | no | isUnsafeMutableAddress: | no |
| accessors.swift:4:9:4:28 | get | hasSelfParam: | yes | getNumberOfParams: | 0 | hasBody: | yes | getNumberOfGenericTypeParams: | 0 | getModule: | file://:0:0:0:0 | accessors | getInterfaceType: | (Foo) -> () -> Int | getName: | (unnamed function decl) | isGetter: | yes | isSetter: | no | isWillSet: | no | isDidSet: | no | isRead: | no | isModify: | no | isUnsafeAddress: | no | isUnsafeMutableAddress: | no |
| accessors.swift:5:9:5:42 | set | hasSelfParam: | yes | getNumberOfParams: | 1 | hasBody: | yes | getNumberOfGenericTypeParams: | 0 | getModule: | file://:0:0:0:0 | accessors | getInterfaceType: | (inout Foo) -> (Int) -> () | getName: | (unnamed function decl) | isGetter: | no | isSetter: | yes | isWillSet: | no | isDidSet: | no | isRead: | no | isModify: | no | isUnsafeAddress: | no | isUnsafeMutableAddress: | no |
| accessors.swift:7:9:7:9 | _modify | hasSelfParam: | yes | getNumberOfParams: | 0 | hasBody: | yes | getNumberOfGenericTypeParams: | 0 | getModule: | file://:0:0:0:0 | accessors | getInterfaceType: | (inout Foo) -> () -> () | getName: | (unnamed function decl) | isGetter: | no | isSetter: | no | isWillSet: | no | isDidSet: | no | isRead: | no | isModify: | yes | isUnsafeAddress: | no | isUnsafeMutableAddress: | no |
| accessors.swift:7:9:7:9 | get | hasSelfParam: | yes | getNumberOfParams: | 0 | hasBody: | yes | getNumberOfGenericTypeParams: | 0 | getModule: | file://:0:0:0:0 | accessors | getInterfaceType: | (Foo) -> () -> Int | getName: | (unnamed function decl) | isGetter: | yes | isSetter: | no | isWillSet: | no | isDidSet: | no | isRead: | no | isModify: | no | isUnsafeAddress: | no | isUnsafeMutableAddress: | no |
| accessors.swift:7:9:7:9 | set | hasSelfParam: | yes | getNumberOfParams: | 1 | hasBody: | yes | getNumberOfGenericTypeParams: | 0 | getModule: | file://:0:0:0:0 | accessors | getInterfaceType: | (inout Foo) -> (Int) -> () | getName: | (unnamed function decl) | isGetter: | no | isSetter: | yes | isWillSet: | no | isDidSet: | no | isRead: | no | isModify: | no | isUnsafeAddress: | no | isUnsafeMutableAddress: | no |
| accessors.swift:8:9:8:29 | willSet | hasSelfParam: | yes | getNumberOfParams: | 1 | hasBody: | yes | getNumberOfGenericTypeParams: | 0 | getModule: | file://:0:0:0:0 | accessors | getInterfaceType: | (inout Foo) -> (Int) -> () | getName: | (unnamed function decl) | isGetter: | no | isSetter: | no | isWillSet: | yes | isDidSet: | no | isRead: | no | isModify: | no | isUnsafeAddress: | no | isUnsafeMutableAddress: | no |
| accessors.swift:11:9:11:9 | _modify | hasSelfParam: | yes | getNumberOfParams: | 0 | hasBody: | yes | getNumberOfGenericTypeParams: | 0 | getModule: | file://:0:0:0:0 | accessors | getInterfaceType: | (inout Foo) -> () -> () | getName: | (unnamed function decl) | isGetter: | no | isSetter: | no | isWillSet: | no | isDidSet: | no | isRead: | no | isModify: | yes | isUnsafeAddress: | no | isUnsafeMutableAddress: | no |
| accessors.swift:11:9:11:9 | get | hasSelfParam: | yes | getNumberOfParams: | 0 | hasBody: | yes | getNumberOfGenericTypeParams: | 0 | getModule: | file://:0:0:0:0 | accessors | getInterfaceType: | (Foo) -> () -> Int | getName: | (unnamed function decl) | isGetter: | yes | isSetter: | no | isWillSet: | no | isDidSet: | no | isRead: | no | isModify: | no | isUnsafeAddress: | no | isUnsafeMutableAddress: | no |
| accessors.swift:11:9:11:9 | set | hasSelfParam: | yes | getNumberOfParams: | 1 | hasBody: | yes | getNumberOfGenericTypeParams: | 0 | getModule: | file://:0:0:0:0 | accessors | getInterfaceType: | (inout Foo) -> (Int) -> () | getName: | (unnamed function decl) | isGetter: | no | isSetter: | yes | isWillSet: | no | isDidSet: | no | isRead: | no | isModify: | no | isUnsafeAddress: | no | isUnsafeMutableAddress: | no |
| accessors.swift:12:9:12:19 | willSet | hasSelfParam: | yes | getNumberOfParams: | 1 | hasBody: | yes | getNumberOfGenericTypeParams: | 0 | getModule: | file://:0:0:0:0 | accessors | getInterfaceType: | (inout Foo) -> (Int) -> () | getName: | (unnamed function decl) | isGetter: | no | isSetter: | no | isWillSet: | yes | isDidSet: | no | isRead: | no | isModify: | no | isUnsafeAddress: | no | isUnsafeMutableAddress: | no |
| accessors.swift:15:9:15:9 | _modify | hasSelfParam: | yes | getNumberOfParams: | 0 | hasBody: | yes | getNumberOfGenericTypeParams: | 0 | getModule: | file://:0:0:0:0 | accessors | getInterfaceType: | (inout Foo) -> () -> () | getName: | (unnamed function decl) | isGetter: | no | isSetter: | no | isWillSet: | no | isDidSet: | no | isRead: | no | isModify: | yes | isUnsafeAddress: | no | isUnsafeMutableAddress: | no |
| accessors.swift:15:9:15:9 | get | hasSelfParam: | yes | getNumberOfParams: | 0 | hasBody: | yes | getNumberOfGenericTypeParams: | 0 | getModule: | file://:0:0:0:0 | accessors | getInterfaceType: | (Foo) -> () -> Int | getName: | (unnamed function decl) | isGetter: | yes | isSetter: | no | isWillSet: | no | isDidSet: | no | isRead: | no | isModify: | no | isUnsafeAddress: | no | isUnsafeMutableAddress: | no |
| accessors.swift:15:9:15:9 | set | hasSelfParam: | yes | getNumberOfParams: | 1 | hasBody: | yes | getNumberOfGenericTypeParams: | 0 | getModule: | file://:0:0:0:0 | accessors | getInterfaceType: | (inout Foo) -> (Int) -> () | getName: | (unnamed function decl) | isGetter: | no | isSetter: | yes | isWillSet: | no | isDidSet: | no | isRead: | no | isModify: | no | isUnsafeAddress: | no | isUnsafeMutableAddress: | no |
| accessors.swift:16:9:16:28 | didSet | hasSelfParam: | yes | getNumberOfParams: | 1 | hasBody: | yes | getNumberOfGenericTypeParams: | 0 | getModule: | file://:0:0:0:0 | accessors | getInterfaceType: | (inout Foo) -> (Int) -> () | getName: | (unnamed function decl) | isGetter: | no | isSetter: | no | isWillSet: | no | isDidSet: | yes | isRead: | no | isModify: | no | isUnsafeAddress: | no | isUnsafeMutableAddress: | no |
| accessors.swift:19:9:19:9 | _modify | hasSelfParam: | yes | getNumberOfParams: | 0 | hasBody: | yes | getNumberOfGenericTypeParams: | 0 | getModule: | file://:0:0:0:0 | accessors | getInterfaceType: | (inout Foo) -> () -> () | getName: | (unnamed function decl) | isGetter: | no | isSetter: | no | isWillSet: | no | isDidSet: | no | isRead: | no | isModify: | yes | isUnsafeAddress: | no | isUnsafeMutableAddress: | no |
| accessors.swift:19:9:19:9 | get | hasSelfParam: | yes | getNumberOfParams: | 0 | hasBody: | yes | getNumberOfGenericTypeParams: | 0 | getModule: | file://:0:0:0:0 | accessors | getInterfaceType: | (Foo) -> () -> Int | getName: | (unnamed function decl) | isGetter: | yes | isSetter: | no | isWillSet: | no | isDidSet: | no | isRead: | no | isModify: | no | isUnsafeAddress: | no | isUnsafeMutableAddress: | no |
| accessors.swift:19:9:19:9 | set | hasSelfParam: | yes | getNumberOfParams: | 1 | hasBody: | yes | getNumberOfGenericTypeParams: | 0 | getModule: | file://:0:0:0:0 | accessors | getInterfaceType: | (inout Foo) -> (Int) -> () | getName: | (unnamed function decl) | isGetter: | no | isSetter: | yes | isWillSet: | no | isDidSet: | no | isRead: | no | isModify: | no | isUnsafeAddress: | no | isUnsafeMutableAddress: | no |
| accessors.swift:20:9:20:18 | didSet | hasSelfParam: | yes | getNumberOfParams: | 0 | hasBody: | yes | getNumberOfGenericTypeParams: | 0 | getModule: | file://:0:0:0:0 | accessors | getInterfaceType: | (inout Foo) -> () -> () | getName: | (unnamed function decl) | isGetter: | no | isSetter: | no | isWillSet: | no | isDidSet: | yes | isRead: | no | isModify: | no | isUnsafeAddress: | no | isUnsafeMutableAddress: | no |
| accessors.swift:23:9:23:9 | _modify | hasSelfParam: | yes | getNumberOfParams: | 0 | hasBody: | yes | getNumberOfGenericTypeParams: | 0 | getModule: | file://:0:0:0:0 | accessors | getInterfaceType: | (inout Foo) -> () -> () | getName: | (unnamed function decl) | isGetter: | no | isSetter: | no | isWillSet: | no | isDidSet: | no | isRead: | no | isModify: | yes | isUnsafeAddress: | no | isUnsafeMutableAddress: | no |
| accessors.swift:23:9:23:9 | get | hasSelfParam: | yes | getNumberOfParams: | 0 | hasBody: | yes | getNumberOfGenericTypeParams: | 0 | getModule: | file://:0:0:0:0 | accessors | getInterfaceType: | (Foo) -> () -> Int | getName: | (unnamed function decl) | isGetter: | yes | isSetter: | no | isWillSet: | no | isDidSet: | no | isRead: | no | isModify: | no | isUnsafeAddress: | no | isUnsafeMutableAddress: | no |
| accessors.swift:23:9:23:9 | set | hasSelfParam: | yes | getNumberOfParams: | 1 | hasBody: | yes | getNumberOfGenericTypeParams: | 0 | getModule: | file://:0:0:0:0 | accessors | getInterfaceType: | (inout Foo) -> (Int) -> () | getName: | (unnamed function decl) | isGetter: | no | isSetter: | yes | isWillSet: | no | isDidSet: | no | isRead: | no | isModify: | no | isUnsafeAddress: | no | isUnsafeMutableAddress: | no |
| accessors.swift:24:9:24:19 | willSet | hasSelfParam: | yes | getNumberOfParams: | 1 | hasBody: | yes | getNumberOfGenericTypeParams: | 0 | getModule: | file://:0:0:0:0 | accessors | getInterfaceType: | (inout Foo) -> (Int) -> () | getName: | (unnamed function decl) | isGetter: | no | isSetter: | no | isWillSet: | yes | isDidSet: | no | isRead: | no | isModify: | no | isUnsafeAddress: | no | isUnsafeMutableAddress: | no |
| accessors.swift:26:9:26:18 | didSet | hasSelfParam: | yes | getNumberOfParams: | 0 | hasBody: | yes | getNumberOfGenericTypeParams: | 0 | getModule: | file://:0:0:0:0 | accessors | getInterfaceType: | (inout Foo) -> () -> () | getName: | (unnamed function decl) | isGetter: | no | isSetter: | no | isWillSet: | no | isDidSet: | yes | isRead: | no | isModify: | no | isUnsafeAddress: | no | isUnsafeMutableAddress: | no |
| accessors.swift:29:9:29:9 | get | hasSelfParam: | yes | getNumberOfParams: | 0 | hasBody: | yes | getNumberOfGenericTypeParams: | 0 | getModule: | file://:0:0:0:0 | accessors | getInterfaceType: | (Foo) -> () -> Int | getName: | (unnamed function decl) | isGetter: | yes | isSetter: | no | isWillSet: | no | isDidSet: | no | isRead: | no | isModify: | no | isUnsafeAddress: | no | isUnsafeMutableAddress: | no |
| accessors.swift:29:9:29:9 | set | hasSelfParam: | yes | getNumberOfParams: | 1 | hasBody: | yes | getNumberOfGenericTypeParams: | 0 | getModule: | file://:0:0:0:0 | accessors | getInterfaceType: | (inout Foo) -> (Int) -> () | getName: | (unnamed function decl) | isGetter: | no | isSetter: | yes | isWillSet: | no | isDidSet: | no | isRead: | no | isModify: | no | isUnsafeAddress: | no | isUnsafeMutableAddress: | no |
| accessors.swift:30:9:32:9 | _read | hasSelfParam: | yes | getNumberOfParams: | 0 | hasBody: | yes | getNumberOfGenericTypeParams: | 0 | getModule: | file://:0:0:0:0 | accessors | getInterfaceType: | (Foo) -> () -> () | getName: | (unnamed function decl) | isGetter: | no | isSetter: | no | isWillSet: | no | isDidSet: | no | isRead: | yes | isModify: | no | isUnsafeAddress: | no | isUnsafeMutableAddress: | no |
| accessors.swift:33:9:35:9 | _modify | hasSelfParam: | yes | getNumberOfParams: | 0 | hasBody: | yes | getNumberOfGenericTypeParams: | 0 | getModule: | file://:0:0:0:0 | accessors | getInterfaceType: | (inout Foo) -> () -> () | getName: | (unnamed function decl) | isGetter: | no | isSetter: | no | isWillSet: | no | isDidSet: | no | isRead: | no | isModify: | yes | isUnsafeAddress: | no | isUnsafeMutableAddress: | no |
| accessors.swift:38:9:38:9 | _modify | hasSelfParam: | yes | getNumberOfParams: | 0 | hasBody: | yes | getNumberOfGenericTypeParams: | 0 | getModule: | file://:0:0:0:0 | accessors | getInterfaceType: | (inout Foo) -> () -> () | getName: | (unnamed function decl) | isGetter: | no | isSetter: | no | isWillSet: | no | isDidSet: | no | isRead: | no | isModify: | yes | isUnsafeAddress: | no | isUnsafeMutableAddress: | no |
| accessors.swift:38:9:38:9 | get | hasSelfParam: | yes | getNumberOfParams: | 0 | hasBody: | yes | getNumberOfGenericTypeParams: | 0 | getModule: | file://:0:0:0:0 | accessors | getInterfaceType: | (Foo) -> () -> Int | getName: | (unnamed function decl) | isGetter: | yes | isSetter: | no | isWillSet: | no | isDidSet: | no | isRead: | no | isModify: | no | isUnsafeAddress: | no | isUnsafeMutableAddress: | no |
| accessors.swift:38:9:38:9 | set | hasSelfParam: | yes | getNumberOfParams: | 1 | hasBody: | yes | getNumberOfGenericTypeParams: | 0 | getModule: | file://:0:0:0:0 | accessors | getInterfaceType: | (inout Foo) -> (Int) -> () | getName: | (unnamed function decl) | isGetter: | no | isSetter: | yes | isWillSet: | no | isDidSet: | no | isRead: | no | isModify: | no | isUnsafeAddress: | no | isUnsafeMutableAddress: | no |
| accessors.swift:39:9:41:9 | unsafeAddress | hasSelfParam: | yes | getNumberOfParams: | 0 | hasBody: | yes | getNumberOfGenericTypeParams: | 0 | getModule: | file://:0:0:0:0 | accessors | getInterfaceType: | (Foo) -> () -> UnsafePointer<Int> | getName: | (unnamed function decl) | isGetter: | no | isSetter: | no | isWillSet: | no | isDidSet: | no | isRead: | no | isModify: | no | isUnsafeAddress: | yes | isUnsafeMutableAddress: | no |
| accessors.swift:42:9:44:9 | unsafeMutableAddress | hasSelfParam: | yes | getNumberOfParams: | 0 | hasBody: | yes | getNumberOfGenericTypeParams: | 0 | getModule: | file://:0:0:0:0 | accessors | getInterfaceType: | (inout Foo) -> () -> UnsafeMutablePointer<Int> | getName: | (unnamed function decl) | isGetter: | no | isSetter: | no | isWillSet: | no | isDidSet: | no | isRead: | no | isModify: | no | isUnsafeAddress: | no | isUnsafeMutableAddress: | yes |
