| constructor_ref_calls.swift:7:9:7:9 | call to init() | hasType: | yes | getFunction: | constructor_ref_calls.swift:7:9:7:9 | init() | getNumberOfArguments: | 1 | getBase: | constructor_ref_calls.swift:7:9:7:9 | X.Type |
| constructor_ref_calls.swift:8:10:8:10 | call to init(_:) | hasType: | yes | getFunction: | constructor_ref_calls.swift:8:10:8:10 | init(_:) | getNumberOfArguments: | 1 | getBase: | constructor_ref_calls.swift:8:10:8:10 | Y.Type |
| constructor_ref_calls.swift:9:10:9:10 | call to init() | hasType: | yes | getFunction: | constructor_ref_calls.swift:9:10:9:10 | init() | getNumberOfArguments: | 1 | getBase: | constructor_ref_calls.swift:9:10:9:10 | Y.Type |
