| method_refs.swift:7:13:7:13 | .baz(_:) | hasType: | yes | getBase: | file://:0:0:0:0 | self | hasMember: | yes |
| method_refs.swift:11:1:11:3 | .foo(_:_:) | hasType: | yes | getBase: | method_refs.swift:11:1:11:1 | X.Type | hasMember: | yes |
| method_refs.swift:12:1:12:3 | .bar() | hasType: | yes | getBase: | method_refs.swift:12:1:12:1 | X.Type | hasMember: | yes |
| method_refs.swift:13:1:13:5 | .baz(_:) | hasType: | yes | getBase: | method_refs.swift:13:1:13:3 | call to init() | hasMember: | yes |
| method_refs.swift:15:11:15:11 | .bar() | hasType: | yes | getBase: | file://:0:0:0:0 | self | hasMember: | yes |
| method_refs.swift:16:13:16:13 | .baz(_:) | hasType: | yes | getBase: | file://:0:0:0:0 | self | hasMember: | yes |
