| file://:0:0:0:0 | Foo | getInterfaceType: | module<Foo> | getName: | Foo | isBuiltinModule: | no | isSystemModule: | no |
