nodes
| main.js:1:55:1:55 | s |
| main.js:1:55:1:55 | s |
| main.js:2:29:2:29 | s |
| main.js:2:29:2:29 | s |
| main.js:6:49:6:49 | s |
| main.js:6:49:6:49 | s |
| main.js:7:49:7:49 | s |
| main.js:7:49:7:49 | s |
| main.js:11:60:11:60 | s |
| main.js:11:60:11:60 | s |
| main.js:12:49:12:49 | s |
| main.js:12:49:12:49 | s |
| main.js:21:47:21:47 | s |
| main.js:21:47:21:47 | s |
| main.js:22:34:22:34 | s |
| main.js:22:34:22:34 | s |
| typed.ts:1:39:1:39 | s |
| typed.ts:1:39:1:39 | s |
| typed.ts:2:29:2:29 | s |
| typed.ts:2:29:2:29 | s |
| typed.ts:6:43:6:43 | s |
| typed.ts:6:43:6:43 | s |
| typed.ts:8:40:8:40 | s |
| typed.ts:8:40:8:40 | s |
| typed.ts:11:20:11:20 | s |
| typed.ts:11:20:11:20 | s |
| typed.ts:12:12:12:12 | s |
| typed.ts:16:11:16:21 | s |
| typed.ts:16:15:16:21 | id("x") |
| typed.ts:17:29:17:29 | s |
| typed.ts:17:29:17:29 | s |
edges
| main.js:1:55:1:55 | s | main.js:2:29:2:29 | s |
| main.js:1:55:1:55 | s | main.js:2:29:2:29 | s |
| main.js:1:55:1:55 | s | main.js:2:29:2:29 | s |
| main.js:1:55:1:55 | s | main.js:2:29:2:29 | s |
| main.js:6:49:6:49 | s | main.js:7:49:7:49 | s |
| main.js:6:49:6:49 | s | main.js:7:49:7:49 | s |
| main.js:6:49:6:49 | s | main.js:7:49:7:49 | s |
| main.js:6:49:6:49 | s | main.js:7:49:7:49 | s |
| main.js:11:60:11:60 | s | main.js:12:49:12:49 | s |
| main.js:11:60:11:60 | s | main.js:12:49:12:49 | s |
| main.js:11:60:11:60 | s | main.js:12:49:12:49 | s |
| main.js:11:60:11:60 | s | main.js:12:49:12:49 | s |
| main.js:21:47:21:47 | s | main.js:22:34:22:34 | s |
| main.js:21:47:21:47 | s | main.js:22:34:22:34 | s |
| main.js:21:47:21:47 | s | main.js:22:34:22:34 | s |
| main.js:21:47:21:47 | s | main.js:22:34:22:34 | s |
| typed.ts:1:39:1:39 | s | typed.ts:2:29:2:29 | s |
| typed.ts:1:39:1:39 | s | typed.ts:2:29:2:29 | s |
| typed.ts:1:39:1:39 | s | typed.ts:2:29:2:29 | s |
| typed.ts:1:39:1:39 | s | typed.ts:2:29:2:29 | s |
| typed.ts:6:43:6:43 | s | typed.ts:8:40:8:40 | s |
| typed.ts:6:43:6:43 | s | typed.ts:8:40:8:40 | s |
| typed.ts:6:43:6:43 | s | typed.ts:8:40:8:40 | s |
| typed.ts:6:43:6:43 | s | typed.ts:8:40:8:40 | s |
| typed.ts:11:20:11:20 | s | typed.ts:12:12:12:12 | s |
| typed.ts:11:20:11:20 | s | typed.ts:12:12:12:12 | s |
| typed.ts:12:12:12:12 | s | typed.ts:16:15:16:21 | id("x") |
| typed.ts:16:11:16:21 | s | typed.ts:17:29:17:29 | s |
| typed.ts:16:11:16:21 | s | typed.ts:17:29:17:29 | s |
| typed.ts:16:15:16:21 | id("x") | typed.ts:16:11:16:21 | s |
#select
| main.js:2:29:2:29 | s | main.js:1:55:1:55 | s | main.js:2:29:2:29 | s | $@ based on $@ might later cause $@. | main.js:2:29:2:29 | s | HTML construction | main.js:1:55:1:55 | s | library input | main.js:3:49:3:52 | html | cross-site scripting |
| main.js:7:49:7:49 | s | main.js:6:49:6:49 | s | main.js:7:49:7:49 | s | $@ based on $@ might later cause $@. | main.js:7:49:7:49 | s | XML parsing | main.js:6:49:6:49 | s | library input | main.js:8:48:8:66 | doc.documentElement | cross-site scripting |
| main.js:12:49:12:49 | s | main.js:11:60:11:60 | s | main.js:12:49:12:49 | s | $@ based on $@ might later cause $@. | main.js:12:49:12:49 | s | XML parsing | main.js:11:60:11:60 | s | library input | main.js:16:21:16:35 | xml.cloneNode() | cross-site scripting |
| main.js:12:49:12:49 | s | main.js:11:60:11:60 | s | main.js:12:49:12:49 | s | $@ based on $@ might later cause $@. | main.js:12:49:12:49 | s | XML parsing | main.js:11:60:11:60 | s | library input | main.js:17:48:17:50 | tmp | cross-site scripting |
| main.js:22:34:22:34 | s | main.js:21:47:21:47 | s | main.js:22:34:22:34 | s | $@ based on $@ might later cause $@. | main.js:22:34:22:34 | s | Markdown rendering | main.js:21:47:21:47 | s | library input | main.js:23:53:23:56 | html | cross-site scripting |
| typed.ts:2:29:2:29 | s | typed.ts:1:39:1:39 | s | typed.ts:2:29:2:29 | s | $@ based on $@ might later cause $@. | typed.ts:2:29:2:29 | s | HTML construction | typed.ts:1:39:1:39 | s | library input | typed.ts:3:31:3:34 | html | cross-site scripting |
| typed.ts:8:40:8:40 | s | typed.ts:6:43:6:43 | s | typed.ts:8:40:8:40 | s | $@ based on $@ might later cause $@. | typed.ts:8:40:8:40 | s | HTML construction | typed.ts:6:43:6:43 | s | library input | typed.ts:8:29:8:52 | "<span> ... /span>" | cross-site scripting |
| typed.ts:17:29:17:29 | s | typed.ts:11:20:11:20 | s | typed.ts:17:29:17:29 | s | $@ based on $@ might later cause $@. | typed.ts:17:29:17:29 | s | HTML construction | typed.ts:11:20:11:20 | s | library input | typed.ts:18:31:18:34 | html | cross-site scripting |
