| functions.swift:1:1:3:1 | foo() | hasSelfParam: | no | getNumberOfParams: | 0 | hasBody: | yes | getNumberOfGenericTypeParams: | 0 | getModule: | file://:0:0:0:0 | functions | getInterfaceType: | () -> Int | getName: | foo() |
| functions.swift:5:1:7:1 | bar(_:d:) | hasSelfParam: | no | getNumberOfParams: | 2 | hasBody: | yes | getNumberOfGenericTypeParams: | 0 | getModule: | file://:0:0:0:0 | functions | getInterfaceType: | (Int, Double) -> Int | getName: | bar(_:d:) |
| functions.swift:10:5:10:28 | noBody(x:) | hasSelfParam: | yes | getNumberOfParams: | 1 | hasBody: | no | getNumberOfGenericTypeParams: | 0 | getModule: | file://:0:0:0:0 | functions | getInterfaceType: | <Self where Self : Beep> (Self) -> (Int) -> Int | getName: | noBody(x:) |
| functions.swift:13:1:15:1 | variadic(_:) | hasSelfParam: | no | getNumberOfParams: | 1 | hasBody: | yes | getNumberOfGenericTypeParams: | 0 | getModule: | file://:0:0:0:0 | functions | getInterfaceType: | (Int...) -> () | getName: | variadic(_:) |
| functions.swift:17:1:19:1 | generic(x:y:) | hasSelfParam: | no | getNumberOfParams: | 2 | hasBody: | yes | getNumberOfGenericTypeParams: | 2 | getModule: | file://:0:0:0:0 | functions | getInterfaceType: | <X, Y> (x: X, y: Y) -> () | getName: | generic(x:y:) |
