| bad-jwt.js:10:1:10:56 | jwt.ver ... ne"] }) | does not verify the JWT payload with a cryptographic secret or public key. |
| bad-jwt.js:11:1:11:63 | jwt.ver ... ne"] }) | does not verify the JWT payload with a cryptographic secret or public key. |
| bad-jwt.js:12:1:12:59 | jwt.ver ... ne"] }) | does not verify the JWT payload with a cryptographic secret or public key. |
