nodes
| lib.js:1:38:1:40 | obj |
| lib.js:1:43:1:46 | path |
| lib.js:1:43:1:46 | path |
| lib.js:1:43:1:46 | path |
| lib.js:2:7:2:27 | currentPath |
| lib.js:2:7:2:27 | currentPath |
| lib.js:2:21:2:24 | path |
| lib.js:2:21:2:24 | path |
| lib.js:2:21:2:27 | path[0] |
| lib.js:2:21:2:27 | path[0] |
| lib.js:6:7:6:9 | obj |
| lib.js:6:7:6:9 | obj |
| lib.js:11:17:11:32 | obj[currentPath] |
| lib.js:11:17:11:32 | obj[currentPath] |
| lib.js:11:21:11:31 | currentPath |
| lib.js:11:21:11:31 | currentPath |
| lib.js:11:35:11:38 | path |
| lib.js:11:35:11:38 | path |
| lib.js:11:35:11:47 | path.slice(1) |
| lib.js:11:35:11:47 | path.slice(1) |
| lib.js:14:38:14:41 | path |
| lib.js:14:38:14:41 | path |
| lib.js:15:3:15:14 | obj[path[0]] |
| lib.js:15:3:15:14 | obj[path[0]] |
| lib.js:15:7:15:10 | path |
| lib.js:15:7:15:13 | path[0] |
| lib.js:20:7:20:25 | path |
| lib.js:20:14:20:25 | arguments[1] |
| lib.js:20:14:20:25 | arguments[1] |
| lib.js:22:3:22:14 | obj[path[0]] |
| lib.js:22:3:22:14 | obj[path[0]] |
| lib.js:22:7:22:10 | path |
| lib.js:22:7:22:13 | path[0] |
| tst.js:5:9:5:38 | taint |
| tst.js:5:17:5:38 | String( ... y.data) |
| tst.js:5:24:5:37 | req.query.data |
| tst.js:5:24:5:37 | req.query.data |
| tst.js:8:5:8:17 | object[taint] |
| tst.js:8:5:8:17 | object[taint] |
| tst.js:8:12:8:16 | taint |
| tst.js:9:5:9:17 | object[taint] |
| tst.js:9:5:9:17 | object[taint] |
| tst.js:9:12:9:16 | taint |
| tst.js:12:18:12:30 | object[taint] |
| tst.js:12:25:12:29 | taint |
| tst.js:14:5:14:32 | unsafeG ...  taint) |
| tst.js:14:5:14:32 | unsafeG ...  taint) |
| tst.js:14:27:14:31 | taint |
| tst.js:33:23:33:25 | obj |
| tst.js:34:5:34:7 | obj |
| tst.js:34:5:34:7 | obj |
| tst.js:39:9:39:11 | obj |
| tst.js:39:9:39:11 | obj |
| tst.js:45:9:45:11 | obj |
| tst.js:45:9:45:11 | obj |
| tst.js:48:9:48:11 | obj |
| tst.js:48:9:48:11 | obj |
| tst.js:77:9:77:38 | taint |
| tst.js:77:17:77:38 | String( ... y.data) |
| tst.js:77:24:77:37 | req.query.data |
| tst.js:77:24:77:37 | req.query.data |
| tst.js:80:5:80:17 | object[taint] |
| tst.js:80:5:80:17 | object[taint] |
| tst.js:80:12:80:16 | taint |
| tst.js:82:5:82:22 | object["" + taint] |
| tst.js:82:5:82:22 | object["" + taint] |
| tst.js:82:12:82:21 | "" + taint |
| tst.js:82:17:82:21 | taint |
edges
| lib.js:1:38:1:40 | obj | lib.js:6:7:6:9 | obj |
| lib.js:1:38:1:40 | obj | lib.js:6:7:6:9 | obj |
| lib.js:1:43:1:46 | path | lib.js:2:21:2:24 | path |
| lib.js:1:43:1:46 | path | lib.js:2:21:2:24 | path |
| lib.js:1:43:1:46 | path | lib.js:2:21:2:24 | path |
| lib.js:1:43:1:46 | path | lib.js:11:35:11:38 | path |
| lib.js:1:43:1:46 | path | lib.js:11:35:11:38 | path |
| lib.js:1:43:1:46 | path | lib.js:11:35:11:38 | path |
| lib.js:2:7:2:27 | currentPath | lib.js:11:21:11:31 | currentPath |
| lib.js:2:7:2:27 | currentPath | lib.js:11:21:11:31 | currentPath |
| lib.js:2:21:2:24 | path | lib.js:2:21:2:27 | path[0] |
| lib.js:2:21:2:24 | path | lib.js:2:21:2:27 | path[0] |
| lib.js:2:21:2:27 | path[0] | lib.js:2:7:2:27 | currentPath |
| lib.js:2:21:2:27 | path[0] | lib.js:2:7:2:27 | currentPath |
| lib.js:11:17:11:32 | obj[currentPath] | lib.js:1:38:1:40 | obj |
| lib.js:11:17:11:32 | obj[currentPath] | lib.js:1:38:1:40 | obj |
| lib.js:11:21:11:31 | currentPath | lib.js:11:17:11:32 | obj[currentPath] |
| lib.js:11:21:11:31 | currentPath | lib.js:11:17:11:32 | obj[currentPath] |
| lib.js:11:35:11:38 | path | lib.js:11:35:11:47 | path.slice(1) |
| lib.js:11:35:11:38 | path | lib.js:11:35:11:47 | path.slice(1) |
| lib.js:11:35:11:47 | path.slice(1) | lib.js:1:43:1:46 | path |
| lib.js:11:35:11:47 | path.slice(1) | lib.js:1:43:1:46 | path |
| lib.js:14:38:14:41 | path | lib.js:15:7:15:10 | path |
| lib.js:14:38:14:41 | path | lib.js:15:7:15:10 | path |
| lib.js:15:7:15:10 | path | lib.js:15:7:15:13 | path[0] |
| lib.js:15:7:15:13 | path[0] | lib.js:15:3:15:14 | obj[path[0]] |
| lib.js:15:7:15:13 | path[0] | lib.js:15:3:15:14 | obj[path[0]] |
| lib.js:20:7:20:25 | path | lib.js:22:7:22:10 | path |
| lib.js:20:14:20:25 | arguments[1] | lib.js:20:7:20:25 | path |
| lib.js:20:14:20:25 | arguments[1] | lib.js:20:7:20:25 | path |
| lib.js:22:7:22:10 | path | lib.js:22:7:22:13 | path[0] |
| lib.js:22:7:22:13 | path[0] | lib.js:22:3:22:14 | obj[path[0]] |
| lib.js:22:7:22:13 | path[0] | lib.js:22:3:22:14 | obj[path[0]] |
| tst.js:5:9:5:38 | taint | tst.js:8:12:8:16 | taint |
| tst.js:5:9:5:38 | taint | tst.js:9:12:9:16 | taint |
| tst.js:5:9:5:38 | taint | tst.js:12:25:12:29 | taint |
| tst.js:5:9:5:38 | taint | tst.js:14:27:14:31 | taint |
| tst.js:5:17:5:38 | String( ... y.data) | tst.js:5:9:5:38 | taint |
| tst.js:5:24:5:37 | req.query.data | tst.js:5:17:5:38 | String( ... y.data) |
| tst.js:5:24:5:37 | req.query.data | tst.js:5:17:5:38 | String( ... y.data) |
| tst.js:8:12:8:16 | taint | tst.js:8:5:8:17 | object[taint] |
| tst.js:8:12:8:16 | taint | tst.js:8:5:8:17 | object[taint] |
| tst.js:9:12:9:16 | taint | tst.js:9:5:9:17 | object[taint] |
| tst.js:9:12:9:16 | taint | tst.js:9:5:9:17 | object[taint] |
| tst.js:12:18:12:30 | object[taint] | tst.js:33:23:33:25 | obj |
| tst.js:12:25:12:29 | taint | tst.js:12:18:12:30 | object[taint] |
| tst.js:14:27:14:31 | taint | tst.js:14:5:14:32 | unsafeG ...  taint) |
| tst.js:14:27:14:31 | taint | tst.js:14:5:14:32 | unsafeG ...  taint) |
| tst.js:33:23:33:25 | obj | tst.js:34:5:34:7 | obj |
| tst.js:33:23:33:25 | obj | tst.js:34:5:34:7 | obj |
| tst.js:33:23:33:25 | obj | tst.js:39:9:39:11 | obj |
| tst.js:33:23:33:25 | obj | tst.js:39:9:39:11 | obj |
| tst.js:33:23:33:25 | obj | tst.js:45:9:45:11 | obj |
| tst.js:33:23:33:25 | obj | tst.js:45:9:45:11 | obj |
| tst.js:33:23:33:25 | obj | tst.js:48:9:48:11 | obj |
| tst.js:33:23:33:25 | obj | tst.js:48:9:48:11 | obj |
| tst.js:77:9:77:38 | taint | tst.js:80:12:80:16 | taint |
| tst.js:77:9:77:38 | taint | tst.js:82:17:82:21 | taint |
| tst.js:77:17:77:38 | String( ... y.data) | tst.js:77:9:77:38 | taint |
| tst.js:77:24:77:37 | req.query.data | tst.js:77:17:77:38 | String( ... y.data) |
| tst.js:77:24:77:37 | req.query.data | tst.js:77:17:77:38 | String( ... y.data) |
| tst.js:80:12:80:16 | taint | tst.js:80:5:80:17 | object[taint] |
| tst.js:80:12:80:16 | taint | tst.js:80:5:80:17 | object[taint] |
| tst.js:82:12:82:21 | "" + taint | tst.js:82:5:82:22 | object["" + taint] |
| tst.js:82:12:82:21 | "" + taint | tst.js:82:5:82:22 | object["" + taint] |
| tst.js:82:17:82:21 | taint | tst.js:82:12:82:21 | "" + taint |
#select
| lib.js:6:7:6:9 | obj | lib.js:1:43:1:46 | path | lib.js:6:7:6:9 | obj | This assignment may alter Object.prototype if a malicious '__proto__' string is injected from $@. | lib.js:1:43:1:46 | path | here |
| lib.js:15:3:15:14 | obj[path[0]] | lib.js:14:38:14:41 | path | lib.js:15:3:15:14 | obj[path[0]] | This assignment may alter Object.prototype if a malicious '__proto__' string is injected from $@. | lib.js:14:38:14:41 | path | here |
| lib.js:22:3:22:14 | obj[path[0]] | lib.js:20:14:20:25 | arguments[1] | lib.js:22:3:22:14 | obj[path[0]] | This assignment may alter Object.prototype if a malicious '__proto__' string is injected from $@. | lib.js:20:14:20:25 | arguments[1] | here |
| tst.js:8:5:8:17 | object[taint] | tst.js:5:24:5:37 | req.query.data | tst.js:8:5:8:17 | object[taint] | This assignment may alter Object.prototype if a malicious '__proto__' string is injected from $@. | tst.js:5:24:5:37 | req.query.data | here |
| tst.js:9:5:9:17 | object[taint] | tst.js:5:24:5:37 | req.query.data | tst.js:9:5:9:17 | object[taint] | This assignment may alter Object.prototype if a malicious '__proto__' string is injected from $@. | tst.js:5:24:5:37 | req.query.data | here |
| tst.js:14:5:14:32 | unsafeG ...  taint) | tst.js:5:24:5:37 | req.query.data | tst.js:14:5:14:32 | unsafeG ...  taint) | This assignment may alter Object.prototype if a malicious '__proto__' string is injected from $@. | tst.js:5:24:5:37 | req.query.data | here |
| tst.js:34:5:34:7 | obj | tst.js:5:24:5:37 | req.query.data | tst.js:34:5:34:7 | obj | This assignment may alter Object.prototype if a malicious '__proto__' string is injected from $@. | tst.js:5:24:5:37 | req.query.data | here |
| tst.js:39:9:39:11 | obj | tst.js:5:24:5:37 | req.query.data | tst.js:39:9:39:11 | obj | This assignment may alter Object.prototype if a malicious '__proto__' string is injected from $@. | tst.js:5:24:5:37 | req.query.data | here |
| tst.js:45:9:45:11 | obj | tst.js:5:24:5:37 | req.query.data | tst.js:45:9:45:11 | obj | This assignment may alter Object.prototype if a malicious '__proto__' string is injected from $@. | tst.js:5:24:5:37 | req.query.data | here |
| tst.js:48:9:48:11 | obj | tst.js:5:24:5:37 | req.query.data | tst.js:48:9:48:11 | obj | This assignment may alter Object.prototype if a malicious '__proto__' string is injected from $@. | tst.js:5:24:5:37 | req.query.data | here |
| tst.js:80:5:80:17 | object[taint] | tst.js:77:24:77:37 | req.query.data | tst.js:80:5:80:17 | object[taint] | This assignment may alter Object.prototype if a malicious '__proto__' string is injected from $@. | tst.js:77:24:77:37 | req.query.data | here |
| tst.js:82:5:82:22 | object["" + taint] | tst.js:77:24:77:37 | req.query.data | tst.js:82:5:82:22 | object["" + taint] | This assignment may alter Object.prototype if a malicious '__proto__' string is injected from $@. | tst.js:77:24:77:37 | req.query.data | here |
