nodes
| lib/index.js:1:35:1:38 | data |
| lib/index.js:1:35:1:38 | data |
| lib/index.js:2:21:2:24 | data |
| lib/index.js:2:21:2:24 | data |
| lib/index.js:5:35:5:38 | name |
| lib/index.js:5:35:5:38 | name |
| lib/index.js:6:26:6:29 | name |
| lib/index.js:6:26:6:29 | name |
edges
| lib/index.js:1:35:1:38 | data | lib/index.js:2:21:2:24 | data |
| lib/index.js:1:35:1:38 | data | lib/index.js:2:21:2:24 | data |
| lib/index.js:1:35:1:38 | data | lib/index.js:2:21:2:24 | data |
| lib/index.js:1:35:1:38 | data | lib/index.js:2:21:2:24 | data |
| lib/index.js:5:35:5:38 | name | lib/index.js:6:26:6:29 | name |
| lib/index.js:5:35:5:38 | name | lib/index.js:6:26:6:29 | name |
| lib/index.js:5:35:5:38 | name | lib/index.js:6:26:6:29 | name |
| lib/index.js:5:35:5:38 | name | lib/index.js:6:26:6:29 | name |
#select
| lib/index.js:2:21:2:24 | data | lib/index.js:1:35:1:38 | data | lib/index.js:2:21:2:24 | data | $@ flows to here and is later $@. | lib/index.js:1:35:1:38 | data | Library input | lib/index.js:2:15:2:30 | "(" + data + ")" | interpreted as code |
| lib/index.js:6:26:6:29 | name | lib/index.js:5:35:5:38 | name | lib/index.js:6:26:6:29 | name | $@ flows to here and is later $@. | lib/index.js:5:35:5:38 | name | Library input | lib/index.js:6:17:6:29 | "obj." + name | interpreted as code |
