| prop1 | index.js:4:17:4:25 | (no string representation) |
| prop2 | index.js:5:17:5:25 | (no string representation) |
