| file://:0:0:0:0 | A |
| file://:0:0:0:0 | B |
| file://:0:0:0:0 | main |
| file://:0:0:0:0 | partial_modules |
